// Jest Snapshot v1, https://goo.gl/fbAQLP

exports[`<Reward /> renders with description and image props 1`] = `
<div
  className="Reward"
>
  <p />
  <img />
</div>
`;
